// Jest Snapshot v1, https://goo.gl/fbAQLP

exports[`App component should render 1`] = `
<div
  className="App"
>
  <Uncontrolled(Navbar)
    bsStyle="default"
    fluid={true}
    inverse={true}
  >
    <NavbarHeader>
      <NavbarBrand>
        <a
          href="#"
        >
          Omniboard 
          <span
            className="version"
          />
        </a>
      </NavbarBrand>
    </NavbarHeader>
    <NavbarCollapse>
      <Nav
        activeKey="default"
        bsClass="nav"
        justified={false}
        pullLeft={true}
        pullRight={false}
        stacked={false}
      />
      <Nav
        bsClass="nav"
        justified={false}
        pullLeft={false}
        pullRight={true}
        stacked={false}
      >
        <NavDropdown
          eventKey={1}
          id="settings"
          title={
            <Glyphicon
              bsClass="glyphicon"
              glyph="cog"
            />
          }
        >
          <MenuItem
            bsClass="dropdown"
            disabled={false}
            divider={false}
            eventKey={1.1}
            header={false}
            onClick={[Function]}
            test-attr="reset-cache-button"
          >
            <Glyphicon
              bsClass="glyphicon"
              glyph="refresh"
            />
              Reset Cache
          </MenuItem>
          <MenuItem
            bsClass="dropdown"
            disabled={false}
            divider={false}
            eventKey={1.2}
            header={false}
            onClick={[Function]}
            test-attr="manage-config-columns-button"
          >
            +/- Custom Columns
          </MenuItem>
          <MenuItem
            bsClass="dropdown"
            disabled={false}
            divider={false}
            eventKey={1.3}
            header={false}
            onClick={[Function]}
            test-attr="settings-button"
          >
            <Glyphicon
              bsClass="glyphicon"
              glyph="wrench"
            />
              Settings
          </MenuItem>
        </NavDropdown>
      </Nav>
    </NavbarCollapse>
  </Uncontrolled(Navbar)>
  <div
    className="content"
  >
    <ToastContainer
      autoClose={false}
      bodyClassName={null}
      className={null}
      closeButton={
        <CloseButton
          ariaLabel="close"
        />
      }
      closeOnClick={true}
      draggable={true}
      draggablePercent={80}
      hideProgressBar={false}
      newestOnTop={false}
      pauseOnFocusLoss={true}
      pauseOnHover={true}
      position="top-right"
      progressClassName={null}
      progressStyle={null}
      rtl={false}
      style={null}
      toastClassName={null}
      transition={[Function]}
    />
    <RunsTable
      dbInfo={
        Object {
          "key": "default",
          "name": "test_db",
        }
      }
      handleCustomColumnModalClose={[Function]}
      handleSettingsModalClose={[Function]}
      localStorageKey="default|RunsTable|1"
      showCustomColumnModal={false}
      showSettingsModal={false}
      stateFilterKeys={
        Array [
          "dropdownOptions",
          "columnOrder",
          "columnWidths",
          "sort",
          "metricAndCustomColumns",
          "columnNameMap",
          "statusFilterOptions",
          "filters",
          "autoRefresh",
        ]
      }
    />
  </div>
</div>
`;
