// Jest Snapshot v1, https://goo.gl/fbAQLP

exports[`DrillDownRunModal should render correctly 1`] = `
<Modal
  animation={true}
  autoFocus={true}
  backdrop={true}
  bsClass="modal"
  dialogClassName="drilldown-run-modal"
  dialogComponentClass={[Function]}
  enforceFocus={true}
  keyboard={true}
  manager={
    ModalManager {
      "add": [Function],
      "containers": Array [],
      "data": Array [],
      "handleContainerOverflow": true,
      "hideSiblingNodes": true,
      "isTopModal": [Function],
      "modals": Array [],
      "remove": [Function],
    }
  }
  onHide={[MockFunction]}
  renderBackdrop={[Function]}
  restoreFocus={true}
  show={true}
>
  <ModalHeader
    bsClass="modal-header"
    closeButton={true}
    closeLabel="Close"
  >
    <ModalTitle
      bsClass="modal-title"
      componentClass="h4"
    >
      Details for Run Id: 2
    </ModalTitle>
  </ModalHeader>
  <ModalBody
    bsClass="modal-body"
    componentClass="div"
  >
    <DrillDownView
      dbInfo={
        Object {
          "key": "default",
          "name": "test_db",
        }
      }
      height="100%"
      localStorageKey="default|view|2"
      runId={2}
      stateFilterKeys={
        Array [
          "selectedNavTab",
        ]
      }
      status="COMPLETED"
      width="100%"
    />
  </ModalBody>
</Modal>
`;
