// Jest Snapshot v1, https://goo.gl/fbAQLP

exports[`Routes should render correctly 1`] = `
<BrowserRouter>
  <div>
    <Switch>
      <Route
        component={[Function]}
        exact={true}
        path="/:dbPath?"
      />
      <Route
        component={[Function]}
      />
    </Switch>
  </div>
</BrowserRouter>
`;
